******************************************************************************
                  MSP430 Linker PC v4.3.3                      
******************************************************************************
>> Linked Tue Aug 12 22:43:34 2014

OUTPUT FILE NAME:   <(finish)Z_RF_MCU_TUT1_Local.out>
ENTRY POINT SYMBOL: "_c_int00"  address: 0000cc78


MEMORY CONFIGURATION

         name            origin    length      used     unused   attr    fill
----------------------  --------  ---------  --------  --------  ----  --------
  SFR                   00000000   00000010  00000000  00000010  RWIX
  PERIPHERALS_8BIT      00000010   000000f0  00000000  000000f0  RWIX
  PERIPHERALS_16BIT     00000100   00000100  00000000  00000100  RWIX
  RAM                   00000200   00000200  000000cc  00000134  RWIX
  INFOD                 00001000   00000040  00000000  00000040  RWIX
  INFOC                 00001040   00000040  00000000  00000040  RWIX
  INFOB                 00001080   00000040  00000000  00000040  RWIX
  INFOA                 000010c0   00000040  00000000  00000040  RWIX
  FLASH                 0000c000   00003fe0  00000f13  000030cd  RWIX
  INT00                 0000ffe0   00000002  00000000  00000002  RWIX
  INT01                 0000ffe2   00000002  00000000  00000002  RWIX
  INT02                 0000ffe4   00000002  00000002  00000000  RWIX
  INT03                 0000ffe6   00000002  00000002  00000000  RWIX
  INT04                 0000ffe8   00000002  00000000  00000002  RWIX
  INT05                 0000ffea   00000002  00000002  00000000  RWIX
  INT06                 0000ffec   00000002  00000002  00000000  RWIX
  INT07                 0000ffee   00000002  00000002  00000000  RWIX
  INT08                 0000fff0   00000002  00000002  00000000  RWIX
  INT09                 0000fff2   00000002  00000002  00000000  RWIX
  INT10                 0000fff4   00000002  00000002  00000000  RWIX
  INT11                 0000fff6   00000002  00000002  00000000  RWIX
  INT12                 0000fff8   00000002  00000002  00000000  RWIX
  INT13                 0000fffa   00000002  00000002  00000000  RWIX
  INT14                 0000fffc   00000002  00000002  00000000  RWIX
  RESET                 0000fffe   00000002  00000002  00000000  RWIX


SECTION ALLOCATION MAP

 output                                  attributes/
section   page    origin      length       input sections
--------  ----  ----------  ----------   ----------------
.init_array 
*          0    0000c000    00000000     UNINITIALIZED

.data      0    00000200    0000007c     UNINITIALIZED
                  00000200    00000078     rts430_eabi.lib : defs.obj (.data:_ftable)
                  00000278    00000004                     : _lock.obj (.data)

.TI.persistent 
*          0    00000200    00000000     UNINITIALIZED

.stack     0    000003b0    00000050     UNINITIALIZED
                  000003b0    00000002     rts430_eabi.lib : boot.obj (.stack)
                  000003b2    0000004e     --HOLE--

.text      0    0000c000    00000e50     
                  0000c000    0000022a     nrf24l01.obj (.text:nrf24l01_initialize)
                  0000c22a    00000116     rts430_eabi.lib : _printfi_min.obj (.text:_setfield)
                  0000c340    000000f8     nrf24l01.obj (.text:nrf24l01_initialize_debug)
                  0000c438    000000ca     rts430_eabi.lib : _printfi_min.obj (.text:__TI_printfi_minimal)
                  0000c502    00000090     UART.obj (.text:uart_printi)
                  0000c592    00000082     main.obj (.text:RF_sendByte)
                  0000c614    00000078     main.obj (.text:main)
                  0000c68c    0000005e     rts430_eabi.lib : copy_decompress_rle.obj (.text:__TI_decompress_rle_core)
                  0000c6ea    0000005e                     : autoinit.obj (.text:_auto_init)
                  0000c748    0000005e     nrf24l01.obj (.text:nrf24l01_spi_send_read)
                  0000c7a6    00000056     rts430_eabi.lib : _printfi_min.obj (.text:_ltostr)
                  0000c7fc    0000004e                     : _printfi_min.obj (.text:_pproc_diouxp)
                  0000c84a    0000004c                     : lsr16.obj (.text)
                  0000c896    00000048                     : _printfi_min.obj (.text:_pproc_str)
                  0000c8de    00000048     nrf24l01.obj (.text:nrf24l01_power_up_param)
                  0000c926    00000044     nrf24l01.obj (.text:nrf24l01_execute_command)
                  0000c96a    00000042     UART.obj (.text:uart_init)
                  0000c9ac    0000003c     nrf24l01.obj (.text:nrf24l01_set_as_rx)
                  0000c9e8    0000003c     rts430_eabi.lib : printf.obj (.text:printf)
                  0000ca24    0000003a     main.obj (.text:Initialize)
                  0000ca5e    00000038     nrf24l01.obj (.text:nrf24l01_write_tx_payload)
                  0000ca96    00000034     SPI.obj (.text:SPI_Init)
                  0000caca    00000032     nrf24l01.obj (.text:nrf24l01_read_rx_payload)
                  0000cafc    00000030     nrf24l01.obj (.text:nrf24l01_set_rx_addr)
                  0000cb2c    0000002e     rts430_eabi.lib : _printfi_min.obj (.text:_getarg_diouxp)
                  0000cb5a    0000002c     main.obj (.text:configRF_txAddress)
                  0000cb86    0000002c     rts430_eabi.lib : div16s.obj (.text)
                  0000cbb2    00000028     nrf24l01.obj (.text:nrf24l01_set_as_tx)
                  0000cbda    00000026     nrf24l01.obj (.text:nrf24l01_write_register)
                  0000cc00    00000022     nrf24l01.obj (.text:nrf24l01_read_register)
                  0000cc22    0000001e     UART.obj (.text:uart_puts)
                  0000cc40    0000001c     rts430_eabi.lib : memccpy.obj (.text:memccpy)
                  0000cc5c    0000001c     nrf24l01.obj (.text:nrf24l01_power_down_param)
                  0000cc78    0000001a     rts430_eabi.lib : boot.obj (.text:_c_int00_noexit)
                  0000cc92    0000001a     nrf24l01.obj (.text:nrf24l01_set_tx_addr)
                  0000ccac    00000018     SPI.obj (.text:SPI_Xfer_byte)
                  0000ccc4    00000018     rts430_eabi.lib : _printfi_min.obj (.text:_div)
                  0000ccdc    00000018     nrf24l01.obj (.text:nrf24l01_irq_clear_all)
                  0000ccf4    00000016     nrf24l01.obj (.text:nrf24l01_transmit)
                  0000cd0a    00000016     rts430_eabi.lib : div16u.obj (.text)
                  0000cd20    00000014                     : memset.obj (.text:memset)
                  0000cd34    00000014                     : mult16.obj (.text)
                  0000cd48    00000014     UART.obj (.text:uart_putc)
                  0000cd5c    00000012     rts430_eabi.lib : copy_decompress_none.obj (.text:decompress:none:__TI_decompress_none)
                  0000cd6e    00000012     UART.obj (.text:fputc)
                  0000cd80    00000012     rts430_eabi.lib : memcpy.obj (.text:memcpy)
                  0000cd92    00000010     UART.obj (.text:fputs)
                  0000cda2    00000010     rts430_eabi.lib : epilog.obj (.text)
                  0000cdb2    0000000e     nrf24l01.obj (.text:nrf24l01_irq_pin_active)
                  0000cdc0    0000000e     nrf24l01.obj (.text:nrf24l01_nop)
                  0000cdce    0000000e     rts430_eabi.lib : strlen.obj (.text:strlen)
                  0000cddc    0000000c     nrf24l01.obj (.text:nrf24l01_irq_rx_dr_active)
                  0000cde8    0000000c     nrf24l01.obj (.text:nrf24l01_irq_tx_ds_active)
                  0000cdf4    0000000c     UART.obj (.text:uart_getc)
                  0000ce00    00000008     nrf24l01.obj (.text:nrf24l01_clear_ce)
                  0000ce08    00000008     nrf24l01.obj (.text:nrf24l01_set_ce)
                  0000ce10    00000006     main.obj (.text:ToggleLED)
                  0000ce16    00000006     rts430_eabi.lib : isr_trap.obj (.text:__TI_ISR_TRAP)
                  0000ce1c    00000006                     : printf.obj (.text:_outc)
                  0000ce22    00000006                     : copy_decompress_rle.obj (.text:decompress:rle24:__TI_decompress_rle24)
                  0000ce28    00000006     nrf24l01.obj (.text:nrf24l01_clear_csn)
                  0000ce2e    00000006     nrf24l01.obj (.text:nrf24l01_get_status)
                  0000ce34    00000006     nrf24l01.obj (.text:nrf24l01_set_csn)
                  0000ce3a    00000006     SPI.obj (.text:spi_csh)
                  0000ce40    00000004     rts430_eabi.lib : printf.obj (.text:_outs)
                  0000ce44    00000004                     : pre_init.obj (.text:_system_pre_init)
                  0000ce48    00000004                     : exit.obj (.text:abort)
                  0000ce4c    00000002     UART.obj (.text:USCI0RX_ISR)
                  0000ce4e    00000002     rts430_eabi.lib : _lock.obj (.text:_nop)

.const     0    0000ce50    0000009d     
                  0000ce50    0000006c     main.obj (.const:.string)
                  0000cebc    00000014     rts430_eabi.lib : _printfi_min.obj (.const:.string)
                  0000ced0    0000000c     nrf24l01.obj (.const:.string)
                  0000cedc    00000005     main.obj (.const:.string:$P$T0$1)
                  0000cee1    00000001     --HOLE-- [fill = 0]
                  0000cee2    00000005     nrf24l01.obj (.const:.string:$P$T0$1)
                  0000cee7    00000001     --HOLE-- [fill = 0]
                  0000cee8    00000005     nrf24l01.obj (.const:.string:$P$T1$2)

.cinit     0    0000ceee    00000026     
                  0000ceee    0000001d     (.cinit..data.load) [load image, compression = rle]
                  0000cf0b    00000001     --HOLE-- [fill = 0]
                  0000cf0c    00000004     (__TI_handler_table)
                  0000cf10    00000004     (__TI_cinit_table)

PORT1      0    0000ffe4    00000002     
                  0000ffe4    00000002     rts430_eabi.lib : int02.obj (.int02)

PORT2      0    0000ffe6    00000002     
                  0000ffe6    00000002     rts430_eabi.lib : int03.obj (.int03)

ADC10      0    0000ffea    00000002     
                  0000ffea    00000002     rts430_eabi.lib : int05.obj (.int05)

USCIAB0TX 
*          0    0000ffec    00000002     
                  0000ffec    00000002     rts430_eabi.lib : int06.obj (.int06)

USCIAB0RX 
*          0    0000ffee    00000002     
                  0000ffee    00000002     UART.obj (.int07)

TIMER0_A1 
*          0    0000fff0    00000002     
                  0000fff0    00000002     rts430_eabi.lib : int08.obj (.int08)

TIMER0_A0 
*          0    0000fff2    00000002     
                  0000fff2    00000002     rts430_eabi.lib : int09.obj (.int09)

WDT        0    0000fff4    00000002     
                  0000fff4    00000002     rts430_eabi.lib : int10.obj (.int10)

COMPARATORA 
*          0    0000fff6    00000002     
                  0000fff6    00000002     rts430_eabi.lib : int11.obj (.int11)

TIMER1_A1 
*          0    0000fff8    00000002     
                  0000fff8    00000002     rts430_eabi.lib : int12.obj (.int12)

TIMER1_A0 
*          0    0000fffa    00000002     
                  0000fffa    00000002     rts430_eabi.lib : int13.obj (.int13)

NMI        0    0000fffc    00000002     
                  0000fffc    00000002     rts430_eabi.lib : int14.obj (.int14)

.reset     0    0000fffe    00000002     
                  0000fffe    00000002     rts430_eabi.lib : boot.obj (.reset)


LINKER GENERATED COPY TABLES

__TI_cinit_table @ 0000cf10 records: 1, size/record: 4, table size: 4
	.data: load addr=0000ceee, load size=0000001d bytes, run addr=00000200, run size=0000007c bytes, compression=rle


LINKER GENERATED HANDLER TABLE

__TI_handler_table @ 0000cf0c records: 2, size/record: 2, table size: 4
	index: 0, handler: __TI_decompress_rle24
	index: 1, handler: __TI_decompress_none


GLOBAL SYMBOLS: SORTED ALPHABETICALLY BY Name 

address    name
--------   ----
0000004a   ADC10AE0
000001b0   ADC10CTL0
000001b2   ADC10CTL1
00000048   ADC10DTC0
00000049   ADC10DTC1
000001b4   ADC10MEM
000001bc   ADC10SA
00000057   BCSCTL1
00000058   BCSCTL2
00000053   BCSCTL3
0000ce48   C$$EXIT
00000059   CACTL1
0000005a   CACTL2
000010fb   CALBC1_12MHZ
000010f9   CALBC1_16MHZ
000010ff   CALBC1_1MHZ
000010fd   CALBC1_8MHZ
000010fa   CALDCO_12MHZ
000010f8   CALDCO_16MHZ
000010fe   CALDCO_1MHZ
000010fc   CALDCO_8MHZ
0000005b   CAPD
00000056   DCOCTL
00000128   FCTL1
0000012a   FCTL2
0000012c   FCTL3
00000000   IE1
00000001   IE2
00000002   IFG1
00000003   IFG2
0000ca24   Initialize
00000022   P1DIR
00000025   P1IE
00000024   P1IES
00000023   P1IFG
00000020   P1IN
00000021   P1OUT
00000027   P1REN
00000026   P1SEL
00000041   P1SEL2
0000002a   P2DIR
0000002d   P2IE
0000002c   P2IES
0000002b   P2IFG
00000028   P2IN
00000029   P2OUT
0000002f   P2REN
0000002e   P2SEL
00000042   P2SEL2
0000001a   P3DIR
00000018   P3IN
00000019   P3OUT
00000010   P3REN
0000001b   P3SEL
00000043   P3SEL2
0000c592   RF_sendByte
0000ca96   SPI_Init
0000ccac   SPI_Xfer_byte
00000172   TA0CCR0
00000174   TA0CCR1
00000176   TA0CCR2
00000162   TA0CCTL0
00000164   TA0CCTL1
00000166   TA0CCTL2
00000160   TA0CTL
0000012e   TA0IV
00000170   TA0R
00000192   TA1CCR0
00000194   TA1CCR1
00000196   TA1CCR2
00000182   TA1CCTL0
00000184   TA1CCTL1
00000186   TA1CCTL2
00000180   TA1CTL
0000011e   TA1IV
00000190   TA1R
000010db   TLV_ADC10_1_LEN
000010da   TLV_ADC10_1_TAG
000010c0   TLV_CHECKSUM
000010f7   TLV_DCO_30_LEN
000010f6   TLV_DCO_30_TAG
0000ce10   ToggleLED
0000005d   UCA0ABCTL
00000062   UCA0BR0
00000063   UCA0BR1
00000060   UCA0CTL0
00000061   UCA0CTL1
0000005f   UCA0IRRCTL
0000005e   UCA0IRTCTL
00000064   UCA0MCTL
00000066   UCA0RXBUF
00000065   UCA0STAT
00000067   UCA0TXBUF
0000006a   UCB0BR0
0000006b   UCB0BR1
00000068   UCB0CTL0
00000069   UCB0CTL1
0000006c   UCB0I2CIE
00000118   UCB0I2COA
0000011a   UCB0I2CSA
0000006e   UCB0RXBUF
0000006d   UCB0STAT
0000006f   UCB0TXBUF
0000ce4c   USCI0RX_ISR
00000120   WDTCTL
00000400   __STACK_END
00000050   __STACK_SIZE
0000cf10   __TI_CINIT_Base
0000cf14   __TI_CINIT_Limit
0000cf0c   __TI_Handler_Table_Base
0000cf10   __TI_Handler_Table_Limit
UNDEFED    __TI_INITARRAY_Base
UNDEFED    __TI_INITARRAY_Limit
0000ce16   __TI_ISR_TRAP
00000001   __TI_args_main
0000cd5c   __TI_decompress_none
0000ce22   __TI_decompress_rle24
00000001   __TI_exit
0000ffe4   __TI_int02
0000ffe6   __TI_int03
0000ffea   __TI_int05
0000ffec   __TI_int06
0000ffee   __TI_int07
0000fff0   __TI_int08
0000fff2   __TI_int09
0000fff4   __TI_int10
0000fff6   __TI_int11
0000fff8   __TI_int12
0000fffa   __TI_int13
0000fffc   __TI_int14
0000c438   __TI_printfi_minimal
ffffffff   __binit__
ffffffff   __c_args__
0000cb86   __mspabi_divi
0000cd0a   __mspabi_divu
0000cdae   __mspabi_func_epilog_1
0000cdac   __mspabi_func_epilog_2
0000cdaa   __mspabi_func_epilog_3
0000cda8   __mspabi_func_epilog_4
0000cda6   __mspabi_func_epilog_5
0000cda4   __mspabi_func_epilog_6
0000cda2   __mspabi_func_epilog_7
0000cd34   __mspabi_mpyi
0000cb86   __mspabi_remi
0000cd0a   __mspabi_remu
0000c84a   __mspabi_srli
0000c890   __mspabi_srli_1
0000c86c   __mspabi_srli_10
0000c868   __mspabi_srli_11
0000c864   __mspabi_srli_12
0000c860   __mspabi_srli_13
0000c85c   __mspabi_srli_14
0000c858   __mspabi_srli_15
0000c88c   __mspabi_srli_2
0000c888   __mspabi_srli_3
0000c884   __mspabi_srli_4
0000c880   __mspabi_srli_5
0000c87c   __mspabi_srli_6
0000c878   __mspabi_srli_7
0000c874   __mspabi_srli_8
0000c870   __mspabi_srli_9
0000c6ea   _auto_init
0000cc78   _c_int00
0000cc78   _c_int00_noexit
00000200   _ftable
00000278   _lock
0000ce4e   _nop
0000fffe   _reset_vector
000003b0   _stack
0000ce44   _system_pre_init
0000027a   _unlock
0000ce48   abort
ffffffff   binit
0000cb5a   configRF_txAddress
0000cd6e   fputc
0000cd92   fputs
0000c614   main
0000cc40   memccpy
0000cd80   memcpy
0000cd20   memset
0000ce00   nrf24l01_clear_ce
0000ce28   nrf24l01_clear_csn
0000c926   nrf24l01_execute_command
0000ce2e   nrf24l01_get_status
0000c000   nrf24l01_initialize
0000c340   nrf24l01_initialize_debug
0000ccdc   nrf24l01_irq_clear_all
0000cdb2   nrf24l01_irq_pin_active
0000cddc   nrf24l01_irq_rx_dr_active
0000cde8   nrf24l01_irq_tx_ds_active
0000cdc0   nrf24l01_nop
0000cc5c   nrf24l01_power_down_param
0000c8de   nrf24l01_power_up_param
0000cc00   nrf24l01_read_register
0000caca   nrf24l01_read_rx_payload
0000c9ac   nrf24l01_set_as_rx
0000cbb2   nrf24l01_set_as_tx
0000ce08   nrf24l01_set_ce
0000ce34   nrf24l01_set_csn
0000cafc   nrf24l01_set_rx_addr
0000cc92   nrf24l01_set_tx_addr
0000c748   nrf24l01_spi_send_read
0000ccf4   nrf24l01_transmit
0000cbda   nrf24l01_write_register
0000ca5e   nrf24l01_write_tx_payload
0000c9e8   printf
0000ce3a   spi_csh
0000cdce   strlen
0000cdf4   uart_getc
0000c96a   uart_init
0000c502   uart_printi
0000cd48   uart_putc
0000cc22   uart_puts


GLOBAL SYMBOLS: SORTED BY Symbol Address 

address    name
--------   ----
00000000   IE1
00000001   IE2
00000001   __TI_args_main
00000001   __TI_exit
00000002   IFG1
00000003   IFG2
00000010   P3REN
00000018   P3IN
00000019   P3OUT
0000001a   P3DIR
0000001b   P3SEL
00000020   P1IN
00000021   P1OUT
00000022   P1DIR
00000023   P1IFG
00000024   P1IES
00000025   P1IE
00000026   P1SEL
00000027   P1REN
00000028   P2IN
00000029   P2OUT
0000002a   P2DIR
0000002b   P2IFG
0000002c   P2IES
0000002d   P2IE
0000002e   P2SEL
0000002f   P2REN
00000041   P1SEL2
00000042   P2SEL2
00000043   P3SEL2
00000048   ADC10DTC0
00000049   ADC10DTC1
0000004a   ADC10AE0
00000050   __STACK_SIZE
00000053   BCSCTL3
00000056   DCOCTL
00000057   BCSCTL1
00000058   BCSCTL2
00000059   CACTL1
0000005a   CACTL2
0000005b   CAPD
0000005d   UCA0ABCTL
0000005e   UCA0IRTCTL
0000005f   UCA0IRRCTL
00000060   UCA0CTL0
00000061   UCA0CTL1
00000062   UCA0BR0
00000063   UCA0BR1
00000064   UCA0MCTL
00000065   UCA0STAT
00000066   UCA0RXBUF
00000067   UCA0TXBUF
00000068   UCB0CTL0
00000069   UCB0CTL1
0000006a   UCB0BR0
0000006b   UCB0BR1
0000006c   UCB0I2CIE
0000006d   UCB0STAT
0000006e   UCB0RXBUF
0000006f   UCB0TXBUF
00000118   UCB0I2COA
0000011a   UCB0I2CSA
0000011e   TA1IV
00000120   WDTCTL
00000128   FCTL1
0000012a   FCTL2
0000012c   FCTL3
0000012e   TA0IV
00000160   TA0CTL
00000162   TA0CCTL0
00000164   TA0CCTL1
00000166   TA0CCTL2
00000170   TA0R
00000172   TA0CCR0
00000174   TA0CCR1
00000176   TA0CCR2
00000180   TA1CTL
00000182   TA1CCTL0
00000184   TA1CCTL1
00000186   TA1CCTL2
00000190   TA1R
00000192   TA1CCR0
00000194   TA1CCR1
00000196   TA1CCR2
000001b0   ADC10CTL0
000001b2   ADC10CTL1
000001b4   ADC10MEM
000001bc   ADC10SA
00000200   _ftable
00000278   _lock
0000027a   _unlock
000003b0   _stack
00000400   __STACK_END
000010c0   TLV_CHECKSUM
000010da   TLV_ADC10_1_TAG
000010db   TLV_ADC10_1_LEN
000010f6   TLV_DCO_30_TAG
000010f7   TLV_DCO_30_LEN
000010f8   CALDCO_16MHZ
000010f9   CALBC1_16MHZ
000010fa   CALDCO_12MHZ
000010fb   CALBC1_12MHZ
000010fc   CALDCO_8MHZ
000010fd   CALBC1_8MHZ
000010fe   CALDCO_1MHZ
000010ff   CALBC1_1MHZ
0000c000   nrf24l01_initialize
0000c340   nrf24l01_initialize_debug
0000c438   __TI_printfi_minimal
0000c502   uart_printi
0000c592   RF_sendByte
0000c614   main
0000c6ea   _auto_init
0000c748   nrf24l01_spi_send_read
0000c84a   __mspabi_srli
0000c858   __mspabi_srli_15
0000c85c   __mspabi_srli_14
0000c860   __mspabi_srli_13
0000c864   __mspabi_srli_12
0000c868   __mspabi_srli_11
0000c86c   __mspabi_srli_10
0000c870   __mspabi_srli_9
0000c874   __mspabi_srli_8
0000c878   __mspabi_srli_7
0000c87c   __mspabi_srli_6
0000c880   __mspabi_srli_5
0000c884   __mspabi_srli_4
0000c888   __mspabi_srli_3
0000c88c   __mspabi_srli_2
0000c890   __mspabi_srli_1
0000c8de   nrf24l01_power_up_param
0000c926   nrf24l01_execute_command
0000c96a   uart_init
0000c9ac   nrf24l01_set_as_rx
0000c9e8   printf
0000ca24   Initialize
0000ca5e   nrf24l01_write_tx_payload
0000ca96   SPI_Init
0000caca   nrf24l01_read_rx_payload
0000cafc   nrf24l01_set_rx_addr
0000cb5a   configRF_txAddress
0000cb86   __mspabi_divi
0000cb86   __mspabi_remi
0000cbb2   nrf24l01_set_as_tx
0000cbda   nrf24l01_write_register
0000cc00   nrf24l01_read_register
0000cc22   uart_puts
0000cc40   memccpy
0000cc5c   nrf24l01_power_down_param
0000cc78   _c_int00
0000cc78   _c_int00_noexit
0000cc92   nrf24l01_set_tx_addr
0000ccac   SPI_Xfer_byte
0000ccdc   nrf24l01_irq_clear_all
0000ccf4   nrf24l01_transmit
0000cd0a   __mspabi_divu
0000cd0a   __mspabi_remu
0000cd20   memset
0000cd34   __mspabi_mpyi
0000cd48   uart_putc
0000cd5c   __TI_decompress_none
0000cd6e   fputc
0000cd80   memcpy
0000cd92   fputs
0000cda2   __mspabi_func_epilog_7
0000cda4   __mspabi_func_epilog_6
0000cda6   __mspabi_func_epilog_5
0000cda8   __mspabi_func_epilog_4
0000cdaa   __mspabi_func_epilog_3
0000cdac   __mspabi_func_epilog_2
0000cdae   __mspabi_func_epilog_1
0000cdb2   nrf24l01_irq_pin_active
0000cdc0   nrf24l01_nop
0000cdce   strlen
0000cddc   nrf24l01_irq_rx_dr_active
0000cde8   nrf24l01_irq_tx_ds_active
0000cdf4   uart_getc
0000ce00   nrf24l01_clear_ce
0000ce08   nrf24l01_set_ce
0000ce10   ToggleLED
0000ce16   __TI_ISR_TRAP
0000ce22   __TI_decompress_rle24
0000ce28   nrf24l01_clear_csn
0000ce2e   nrf24l01_get_status
0000ce34   nrf24l01_set_csn
0000ce3a   spi_csh
0000ce44   _system_pre_init
0000ce48   C$$EXIT
0000ce48   abort
0000ce4c   USCI0RX_ISR
0000ce4e   _nop
0000cf0c   __TI_Handler_Table_Base
0000cf10   __TI_CINIT_Base
0000cf10   __TI_Handler_Table_Limit
0000cf14   __TI_CINIT_Limit
0000ffe4   __TI_int02
0000ffe6   __TI_int03
0000ffea   __TI_int05
0000ffec   __TI_int06
0000ffee   __TI_int07
0000fff0   __TI_int08
0000fff2   __TI_int09
0000fff4   __TI_int10
0000fff6   __TI_int11
0000fff8   __TI_int12
0000fffa   __TI_int13
0000fffc   __TI_int14
0000fffe   _reset_vector
ffffffff   __binit__
ffffffff   __c_args__
ffffffff   binit
UNDEFED    __TI_INITARRAY_Base
UNDEFED    __TI_INITARRAY_Limit

[213 symbols]
