******************************************************************************
                  MSP430 Linker PC v4.1.2                      
******************************************************************************
>> Linked Fri Mar 08 21:07:03 2013

OUTPUT FILE NAME:   <Z_RF_MCU_Local.out>
ENTRY POINT SYMBOL: "_c_int00"  address: 0000c7ce


MEMORY CONFIGURATION

         name            origin    length      used     unused   attr    fill
----------------------  --------  ---------  --------  --------  ----  --------
  SFR                   00000000   00000010  00000000  00000010  RWIX
  PERIPHERALS_8BIT      00000010   000000f0  00000000  000000f0  RWIX
  PERIPHERALS_16BIT     00000100   00000100  00000000  00000100  RWIX
  RAM                   00000200   00000200  00000050  000001b0  RWIX
  INFOD                 00001000   00000040  00000000  00000040  RWIX
  INFOC                 00001040   00000040  00000000  00000040  RWIX
  INFOB                 00001080   00000040  00000000  00000040  RWIX
  INFOA                 000010c0   00000040  00000000  00000040  RWIX
  FLASH                 0000c000   00003fe0  00000968  00003678  RWIX
  INT00                 0000ffe0   00000002  00000000  00000002  RWIX
  INT01                 0000ffe2   00000002  00000000  00000002  RWIX
  INT02                 0000ffe4   00000002  00000000  00000002  RWIX
  INT03                 0000ffe6   00000002  00000000  00000002  RWIX
  INT04                 0000ffe8   00000002  00000000  00000002  RWIX
  INT05                 0000ffea   00000002  00000000  00000002  RWIX
  INT06                 0000ffec   00000002  00000000  00000002  RWIX
  INT07                 0000ffee   00000002  00000002  00000000  RWIX
  INT08                 0000fff0   00000002  00000000  00000002  RWIX
  INT09                 0000fff2   00000002  00000000  00000002  RWIX
  INT10                 0000fff4   00000002  00000000  00000002  RWIX
  INT11                 0000fff6   00000002  00000000  00000002  RWIX
  INT12                 0000fff8   00000002  00000000  00000002  RWIX
  INT13                 0000fffa   00000002  00000000  00000002  RWIX
  INT14                 0000fffc   00000002  00000000  00000002  RWIX
  RESET                 0000fffe   00000002  00000002  00000000  RWIX


SECTION ALLOCATION MAP

 output                                  attributes/
section   page    origin      length       input sections
--------  ----  ----------  ----------   ----------------
.cinit     0    0000c000    00000000     UNINITIALIZED

.init_array 
*          0    0000c000    00000000     UNINITIALIZED

.stack     0    000003b0    00000050     UNINITIALIZED
                  000003b0    00000002     rts430_eabi.lib : boot.obj (.stack)
                  000003b2    0000004e     --HOLE--

.text      0    0000c000    00000936     
                  0000c000    0000027e     nrf24l01.obj (.text:nrf24l01_initialize)
                  0000c27e    00000102     main.obj (.text:main)
                  0000c380    0000007c     nrf24l01.obj (.text:nrf24l01_initialize_debug)
                  0000c3fc    0000006e     UART.obj (.text:printreg)
                  0000c46a    0000006e     UART.obj (.text:uart_printi)
                  0000c4d8    0000005e     rts430_eabi.lib : autoinit.obj (.text:_auto_init)
                  0000c536    00000046     nrf24l01.obj (.text:nrf24l01_power_up_param)
                  0000c57c    00000040     nrf24l01.obj (.text:nrf24l01_spi_send_read)
                  0000c5bc    00000038     nrf24l01.obj (.text:nrf24l01_set_as_rx)
                  0000c5f4    00000036     nrf24l01.obj (.text:nrf24l01_execute_command)
                  0000c62a    00000034     SPI.obj (.text:SPI_Init)
                  0000c65e    00000034     UART.obj (.text:uart_init)
                  0000c692    0000002c     rts430_eabi.lib : asr16.obj (.text)
                  0000c6be    0000002c                     : div16s.obj (.text)
                  0000c6ea    0000002c                     : lsl16.obj (.text)
                  0000c716    0000002a     main.obj (.text:Initialize)
                  0000c740    00000028     nrf24l01.obj (.text:nrf24l01_set_as_tx)
                  0000c768    00000026     nrf24l01.obj (.text:nrf24l01_read_rx_payload)
                  0000c78e    00000024     nrf24l01.obj (.text:nrf24l01_write_tx_payload)
                  0000c7b2    0000001c     nrf24l01.obj (.text:nrf24l01_power_down_param)
                  0000c7ce    0000001a     rts430_eabi.lib : boot.obj (.text:_c_int00_noexit)
                  0000c7e8    00000018     nrf24l01.obj (.text:nrf24l01_irq_clear_all)
                  0000c800    00000018     nrf24l01.obj (.text:nrf24l01_set_rx_addr)
                  0000c818    00000016     nrf24l01.obj (.text:nrf24l01_transmit)
                  0000c82e    00000016     rts430_eabi.lib : div16u.obj (.text)
                  0000c844    00000014     UART.obj (.text:uart_puts)
                  0000c858    00000012     nrf24l01.obj (.text:nrf24l01_get_config)
                  0000c86a    00000010     SPI.obj (.text:SPI_Xfer_byte)
                  0000c87a    00000010     nrf24l01.obj (.text:nrf24l01_read_register)
                  0000c88a    00000010     nrf24l01.obj (.text:nrf24l01_write_register)
                  0000c89a    00000010     rts430_eabi.lib : epilog.obj (.text)
                  0000c8aa    0000000e     nrf24l01.obj (.text:nrf24l01_irq_pin_active)
                  0000c8b8    0000000e     nrf24l01.obj (.text:nrf24l01_nop)
                  0000c8c6    0000000e     nrf24l01.obj (.text:nrf24l01_set_tx_addr)
                  0000c8d4    0000000c     nrf24l01.obj (.text:nrf24l01_irq_rx_dr_active)
                  0000c8e0    0000000c     nrf24l01.obj (.text:nrf24l01_irq_tx_ds_active)
                  0000c8ec    0000000c     UART.obj (.text:uart_getc)
                  0000c8f8    0000000c     UART.obj (.text:uart_putc)
                  0000c904    00000008     nrf24l01.obj (.text:nrf24l01_clear_ce)
                  0000c90c    00000008     nrf24l01.obj (.text:nrf24l01_set_ce)
                  0000c914    00000006     main.obj (.text:ToggleLED)
                  0000c91a    00000006     nrf24l01.obj (.text:nrf24l01_clear_csn)
                  0000c920    00000006     nrf24l01.obj (.text:nrf24l01_set_csn)
                  0000c926    00000006     SPI.obj (.text:spi_csh)
                  0000c92c    00000004     rts430_eabi.lib : pre_init.obj (.text:_system_pre_init)
                  0000c930    00000004                     : exit.obj (.text:abort)
                  0000c934    00000002     UART.obj (.text:USCI0RX_ISR)

.const     0    0000c936    00000032     
                  0000c936    00000022     main.obj (.const:.string)
                  0000c958    00000010     UART.obj (.const:.string)

USCIAB0RX 
*          0    0000ffee    00000002     
                  0000ffee    00000002     UART.obj (.int07)

.reset     0    0000fffe    00000002     
                  0000fffe    00000002     rts430_eabi.lib : boot.obj (.reset)


GLOBAL SYMBOLS: SORTED ALPHABETICALLY BY Name 

address    name
--------   ----
0000004a   ADC10AE0
000001b0   ADC10CTL0
000001b2   ADC10CTL1
00000048   ADC10DTC0
00000049   ADC10DTC1
000001b4   ADC10MEM
000001bc   ADC10SA
00000057   BCSCTL1
00000058   BCSCTL2
00000053   BCSCTL3
0000c930   C$$EXIT
00000059   CACTL1
0000005a   CACTL2
000010fb   CALBC1_12MHZ
000010f9   CALBC1_16MHZ
000010ff   CALBC1_1MHZ
000010fd   CALBC1_8MHZ
000010fa   CALDCO_12MHZ
000010f8   CALDCO_16MHZ
000010fe   CALDCO_1MHZ
000010fc   CALDCO_8MHZ
0000005b   CAPD
00000056   DCOCTL
00000128   FCTL1
0000012a   FCTL2
0000012c   FCTL3
00000000   IE1
00000001   IE2
00000002   IFG1
00000003   IFG2
0000c716   Initialize
00000022   P1DIR
00000025   P1IE
00000024   P1IES
00000023   P1IFG
00000020   P1IN
00000021   P1OUT
00000027   P1REN
00000026   P1SEL
00000041   P1SEL2
0000002a   P2DIR
0000002d   P2IE
0000002c   P2IES
0000002b   P2IFG
00000028   P2IN
00000029   P2OUT
0000002f   P2REN
0000002e   P2SEL
00000042   P2SEL2
0000001a   P3DIR
00000018   P3IN
00000019   P3OUT
00000010   P3REN
0000001b   P3SEL
00000043   P3SEL2
0000c62a   SPI_Init
0000c86a   SPI_Xfer_byte
00000172   TA0CCR0
00000174   TA0CCR1
00000176   TA0CCR2
00000162   TA0CCTL0
00000164   TA0CCTL1
00000166   TA0CCTL2
00000160   TA0CTL
0000012e   TA0IV
00000170   TA0R
00000192   TA1CCR0
00000194   TA1CCR1
00000196   TA1CCR2
00000182   TA1CCTL0
00000184   TA1CCTL1
00000186   TA1CCTL2
00000180   TA1CTL
0000011e   TA1IV
00000190   TA1R
0000c914   ToggleLED
0000005d   UCA0ABCTL
00000062   UCA0BR0
00000063   UCA0BR1
00000060   UCA0CTL0
00000061   UCA0CTL1
0000005f   UCA0IRRCTL
0000005e   UCA0IRTCTL
00000064   UCA0MCTL
00000066   UCA0RXBUF
00000065   UCA0STAT
00000067   UCA0TXBUF
0000006a   UCB0BR0
0000006b   UCB0BR1
00000068   UCB0CTL0
00000069   UCB0CTL1
0000006c   UCB0I2CIE
00000118   UCB0I2COA
0000011a   UCB0I2CSA
0000006e   UCB0RXBUF
0000006d   UCB0STAT
0000006f   UCB0TXBUF
0000c934   USCI0RX_ISR
00000120   WDTCTL
00000400   __STACK_END
00000050   __STACK_SIZE
UNDEFED    __TI_CINIT_Base
UNDEFED    __TI_CINIT_Limit
UNDEFED    __TI_Handler_Table_Base
UNDEFED    __TI_Handler_Table_Limit
UNDEFED    __TI_INITARRAY_Base
UNDEFED    __TI_INITARRAY_Limit
00000001   __TI_args_main
00000001   __TI_exit
ffffffff   __binit__
ffffffff   __c_args__
0000c6be   __mspabi_divi
0000c82e   __mspabi_divu
0000c8a6   __mspabi_func_epilog_1
0000c8a4   __mspabi_func_epilog_2
0000c8a2   __mspabi_func_epilog_3
0000c8a0   __mspabi_func_epilog_4
0000c89e   __mspabi_func_epilog_5
0000c89c   __mspabi_func_epilog_6
0000c89a   __mspabi_func_epilog_7
0000c6be   __mspabi_remi
0000c82e   __mspabi_remu
0000c6ea   __mspabi_slli
0000c712   __mspabi_slli_1
0000c700   __mspabi_slli_10
0000c6fe   __mspabi_slli_11
0000c6fc   __mspabi_slli_12
0000c6fa   __mspabi_slli_13
0000c6f8   __mspabi_slli_14
0000c6f6   __mspabi_slli_15
0000c710   __mspabi_slli_2
0000c70e   __mspabi_slli_3
0000c70c   __mspabi_slli_4
0000c70a   __mspabi_slli_5
0000c708   __mspabi_slli_6
0000c706   __mspabi_slli_7
0000c704   __mspabi_slli_8
0000c702   __mspabi_slli_9
0000c692   __mspabi_srai
0000c6ba   __mspabi_srai_1
0000c6a8   __mspabi_srai_10
0000c6a6   __mspabi_srai_11
0000c6a4   __mspabi_srai_12
0000c6a2   __mspabi_srai_13
0000c6a0   __mspabi_srai_14
0000c69e   __mspabi_srai_15
0000c6b8   __mspabi_srai_2
0000c6b6   __mspabi_srai_3
0000c6b4   __mspabi_srai_4
0000c6b2   __mspabi_srai_5
0000c6b0   __mspabi_srai_6
0000c6ae   __mspabi_srai_7
0000c6ac   __mspabi_srai_8
0000c6aa   __mspabi_srai_9
0000c4d8   _auto_init
0000c7ce   _c_int00
0000c7ce   _c_int00_noexit
0000fffe   _reset_vector
000003b0   _stack
0000c92c   _system_pre_init
0000c930   abort
ffffffff   binit
0000c27e   main
0000c904   nrf24l01_clear_ce
0000c91a   nrf24l01_clear_csn
0000c5f4   nrf24l01_execute_command
0000c858   nrf24l01_get_config
0000c8b8   nrf24l01_get_status
0000c000   nrf24l01_initialize
0000c380   nrf24l01_initialize_debug
0000c7e8   nrf24l01_irq_clear_all
0000c8aa   nrf24l01_irq_pin_active
0000c8d4   nrf24l01_irq_rx_dr_active
0000c8e0   nrf24l01_irq_tx_ds_active
0000c8b8   nrf24l01_nop
0000c7b2   nrf24l01_power_down_param
0000c536   nrf24l01_power_up_param
0000c87a   nrf24l01_read_register
0000c768   nrf24l01_read_rx_payload
0000c5bc   nrf24l01_set_as_rx
0000c740   nrf24l01_set_as_tx
0000c90c   nrf24l01_set_ce
0000c920   nrf24l01_set_csn
0000c800   nrf24l01_set_rx_addr
0000c8c6   nrf24l01_set_tx_addr
0000c57c   nrf24l01_spi_send_read
0000c818   nrf24l01_transmit
0000c88a   nrf24l01_write_register
0000c78e   nrf24l01_write_tx_payload
0000c3fc   printreg
0000c926   spi_csh
0000c8ec   uart_getc
0000c65e   uart_init
0000c46a   uart_printi
0000c8f8   uart_putc
0000c844   uart_puts


GLOBAL SYMBOLS: SORTED BY Symbol Address 

address    name
--------   ----
00000000   IE1
00000001   IE2
00000001   __TI_args_main
00000001   __TI_exit
00000002   IFG1
00000003   IFG2
00000010   P3REN
00000018   P3IN
00000019   P3OUT
0000001a   P3DIR
0000001b   P3SEL
00000020   P1IN
00000021   P1OUT
00000022   P1DIR
00000023   P1IFG
00000024   P1IES
00000025   P1IE
00000026   P1SEL
00000027   P1REN
00000028   P2IN
00000029   P2OUT
0000002a   P2DIR
0000002b   P2IFG
0000002c   P2IES
0000002d   P2IE
0000002e   P2SEL
0000002f   P2REN
00000041   P1SEL2
00000042   P2SEL2
00000043   P3SEL2
00000048   ADC10DTC0
00000049   ADC10DTC1
0000004a   ADC10AE0
00000050   __STACK_SIZE
00000053   BCSCTL3
00000056   DCOCTL
00000057   BCSCTL1
00000058   BCSCTL2
00000059   CACTL1
0000005a   CACTL2
0000005b   CAPD
0000005d   UCA0ABCTL
0000005e   UCA0IRTCTL
0000005f   UCA0IRRCTL
00000060   UCA0CTL0
00000061   UCA0CTL1
00000062   UCA0BR0
00000063   UCA0BR1
00000064   UCA0MCTL
00000065   UCA0STAT
00000066   UCA0RXBUF
00000067   UCA0TXBUF
00000068   UCB0CTL0
00000069   UCB0CTL1
0000006a   UCB0BR0
0000006b   UCB0BR1
0000006c   UCB0I2CIE
0000006d   UCB0STAT
0000006e   UCB0RXBUF
0000006f   UCB0TXBUF
00000118   UCB0I2COA
0000011a   UCB0I2CSA
0000011e   TA1IV
00000120   WDTCTL
00000128   FCTL1
0000012a   FCTL2
0000012c   FCTL3
0000012e   TA0IV
00000160   TA0CTL
00000162   TA0CCTL0
00000164   TA0CCTL1
00000166   TA0CCTL2
00000170   TA0R
00000172   TA0CCR0
00000174   TA0CCR1
00000176   TA0CCR2
00000180   TA1CTL
00000182   TA1CCTL0
00000184   TA1CCTL1
00000186   TA1CCTL2
00000190   TA1R
00000192   TA1CCR0
00000194   TA1CCR1
00000196   TA1CCR2
000001b0   ADC10CTL0
000001b2   ADC10CTL1
000001b4   ADC10MEM
000001bc   ADC10SA
000003b0   _stack
00000400   __STACK_END
000010f8   CALDCO_16MHZ
000010f9   CALBC1_16MHZ
000010fa   CALDCO_12MHZ
000010fb   CALBC1_12MHZ
000010fc   CALDCO_8MHZ
000010fd   CALBC1_8MHZ
000010fe   CALDCO_1MHZ
000010ff   CALBC1_1MHZ
0000c000   nrf24l01_initialize
0000c27e   main
0000c380   nrf24l01_initialize_debug
0000c3fc   printreg
0000c46a   uart_printi
0000c4d8   _auto_init
0000c536   nrf24l01_power_up_param
0000c57c   nrf24l01_spi_send_read
0000c5bc   nrf24l01_set_as_rx
0000c5f4   nrf24l01_execute_command
0000c62a   SPI_Init
0000c65e   uart_init
0000c692   __mspabi_srai
0000c69e   __mspabi_srai_15
0000c6a0   __mspabi_srai_14
0000c6a2   __mspabi_srai_13
0000c6a4   __mspabi_srai_12
0000c6a6   __mspabi_srai_11
0000c6a8   __mspabi_srai_10
0000c6aa   __mspabi_srai_9
0000c6ac   __mspabi_srai_8
0000c6ae   __mspabi_srai_7
0000c6b0   __mspabi_srai_6
0000c6b2   __mspabi_srai_5
0000c6b4   __mspabi_srai_4
0000c6b6   __mspabi_srai_3
0000c6b8   __mspabi_srai_2
0000c6ba   __mspabi_srai_1
0000c6be   __mspabi_divi
0000c6be   __mspabi_remi
0000c6ea   __mspabi_slli
0000c6f6   __mspabi_slli_15
0000c6f8   __mspabi_slli_14
0000c6fa   __mspabi_slli_13
0000c6fc   __mspabi_slli_12
0000c6fe   __mspabi_slli_11
0000c700   __mspabi_slli_10
0000c702   __mspabi_slli_9
0000c704   __mspabi_slli_8
0000c706   __mspabi_slli_7
0000c708   __mspabi_slli_6
0000c70a   __mspabi_slli_5
0000c70c   __mspabi_slli_4
0000c70e   __mspabi_slli_3
0000c710   __mspabi_slli_2
0000c712   __mspabi_slli_1
0000c716   Initialize
0000c740   nrf24l01_set_as_tx
0000c768   nrf24l01_read_rx_payload
0000c78e   nrf24l01_write_tx_payload
0000c7b2   nrf24l01_power_down_param
0000c7ce   _c_int00
0000c7ce   _c_int00_noexit
0000c7e8   nrf24l01_irq_clear_all
0000c800   nrf24l01_set_rx_addr
0000c818   nrf24l01_transmit
0000c82e   __mspabi_divu
0000c82e   __mspabi_remu
0000c844   uart_puts
0000c858   nrf24l01_get_config
0000c86a   SPI_Xfer_byte
0000c87a   nrf24l01_read_register
0000c88a   nrf24l01_write_register
0000c89a   __mspabi_func_epilog_7
0000c89c   __mspabi_func_epilog_6
0000c89e   __mspabi_func_epilog_5
0000c8a0   __mspabi_func_epilog_4
0000c8a2   __mspabi_func_epilog_3
0000c8a4   __mspabi_func_epilog_2
0000c8a6   __mspabi_func_epilog_1
0000c8aa   nrf24l01_irq_pin_active
0000c8b8   nrf24l01_get_status
0000c8b8   nrf24l01_nop
0000c8c6   nrf24l01_set_tx_addr
0000c8d4   nrf24l01_irq_rx_dr_active
0000c8e0   nrf24l01_irq_tx_ds_active
0000c8ec   uart_getc
0000c8f8   uart_putc
0000c904   nrf24l01_clear_ce
0000c90c   nrf24l01_set_ce
0000c914   ToggleLED
0000c91a   nrf24l01_clear_csn
0000c920   nrf24l01_set_csn
0000c926   spi_csh
0000c92c   _system_pre_init
0000c930   C$$EXIT
0000c930   abort
0000c934   USCI0RX_ISR
0000fffe   _reset_vector
ffffffff   __binit__
ffffffff   __c_args__
ffffffff   binit
UNDEFED    __TI_CINIT_Base
UNDEFED    __TI_CINIT_Limit
UNDEFED    __TI_Handler_Table_Base
UNDEFED    __TI_Handler_Table_Limit
UNDEFED    __TI_INITARRAY_Base
UNDEFED    __TI_INITARRAY_Limit

[196 symbols]
